
> sasayee@0.0.1 build
> vite build

[36mvite v5.4.21 [32mbuilding for production...[36m[39m
transforming...
[32mΓ£ô[39m 3 modules transformed.
node.exe : [31mx[39m 
Build failed in 196ms
At line:1 char:1
+ & "C:\Program 
Files\nodejs/node.exe" 
"C:\Program 
Files\nodejs/node_mo ...
+ ~~~~~~~~~~~~~~~~~~~~~~~~~
~~~~~~~~~~~~~~~~~~~~~~~~~~~
~~~~~~~~~~~~~~~~~
    + CategoryInfo         
     : NotSpecified: ([3  
  1mx[39m Build failed    
 in 196ms:String) [], R    
emoteException
    + FullyQualifiedErrorI 
   d : NativeCommandError
 
[31merror during build:
[31msrc/main.js (11:9): 
Identifier "createHead" 
has already been 
declared[31m
file: [36mC:/laragon/www/c
htech/frontend/src/main.js:
11:9[31m
[33m
 9: import App from 
'./App.vue'
10: 
11: import { createHead } 
from '@unhead/vue/client'
             ^
12: import router from 
'./router'
[31m
    at getRollupError (file
:///C:/laragon/www/chtech/f
rontend/node_modules/rollup
/dist/es/shared/parseAst.js
:402:41)
    at error (file:///C:/la
ragon/www/chtech/frontend/n
ode_modules/rollup/dist/es/
shared/parseAst.js:398:42)
    at Module.error (file:/
//C:/laragon/www/chtech/fro
ntend/node_modules/rollup/d
ist/es/shared/node-entry.js
:17040:16)
    at Module.addImport (fi
le:///C:/laragon/www/chtech
/frontend/node_modules/roll
up/dist/es/shared/node-entr
y.js:17567:22)
    at ImportDeclaration.in
itialise (file:///C:/larago
n/www/chtech/frontend/node_
modules/rollup/dist/es/shar
ed/node-entry.js:13090:28)
    at convertNode (file://
/C:/laragon/www/chtech/fron
tend/node_modules/rollup/di
st/es/shared/node-entry.js:
16437:10)
    at convertNodeList (fil
e:///C:/laragon/www/chtech/
frontend/node_modules/rollu
p/dist/es/shared/node-entry
.js:16447:38)
    at Array.program (file:
///C:/laragon/www/chtech/fr
ontend/node_modules/rollup/
dist/es/shared/node-entry.j
s:16297:21)
    at convertNode (file://
/C:/laragon/www/chtech/fron
tend/node_modules/rollup/di
st/es/shared/node-entry.js:
16436:28)
    at convertProgram (file
:///C:/laragon/www/chtech/f
rontend/node_modules/rollup
/dist/es/shared/node-entry.
js:15677:12)[39m
